[Avatar] 内置数字人已就绪（3个）
灵山导览服务器: http://localhost:8080
访问口令: lingshan2026（环境变量 LINGSHAN_PASS 可覆盖）
文本AI: 智谱 GLM-4-Flash
多模态: 智谱 GLM-4V-Flash
TTS语音: 微软晓晓 (zh-CN-XiaoxiaoNeural)
游客用户: SQLite (lingshan_users.db)
[15/Jul/2026 11:48:33] "GET / HTTP/1.1" 200 -
[15/Jul/2026 11:48:33] "GET /favicon.ico HTTP/1.1" 200 -
[15/Jul/2026 11:48:38] "POST /api/login HTTP/1.1" 200 -
登录成功，已签发会话。
[15/Jul/2026 11:48:39] "GET / HTTP/1.1" 200 -
[15/Jul/2026 11:48:39] "GET /assets/uni.40cb137a.css HTTP/1.1" 200 -
[15/Jul/2026 11:48:39] "GET /assets/index-nMaNip6B.css HTTP/1.1" 200 -
[15/Jul/2026 11:48:39] "GET /assets/index-98YOFiQD.js HTTP/1.1" 200 -
[15/Jul/2026 11:48:40] "GET /assets/Avatar3D-CAEMSXhi.css HTTP/1.1" 200 -
[15/Jul/2026 11:48:40] "GET /assets/index-Cjcs754H.css HTTP/1.1" 200 -
[15/Jul/2026 11:48:40] "POST /api/user/info HTTP/1.1" 401 -
[15/Jul/2026 11:48:40] "GET /assets/pages-visitor-index.B7r8vAFm.js HTTP/1.1" 200 -
[15/Jul/2026 11:48:40] "GET /assets/Avatar3D.CcK3oEtk.js HTTP/1.1" 200 -
[15/Jul/2026 11:48:40] "GET /assets/ttsEngine.BpsK2PU-.js HTTP/1.1" 200 -
[15/Jul/2026 11:48:40] "GET /assets/_plugin-vue_export-helper.BCo6x5W8.js HTTP/1.1" 200 -
[15/Jul/2026 11:48:40] "GET /assets/index.aVQp-Odv.js HTTP/1.1" 200 -
[15/Jul/2026 11:48:40] "GET /static/icons/tab-home.jpg HTTP/1.1" 200 -
[15/Jul/2026 11:48:40] "GET /static/icons/tab-spots.jpg HTTP/1.1" 200 -
[15/Jul/2026 11:48:40] "GET /static/icons/tab-chat.jpg HTTP/1.1" 200 -
[15/Jul/2026 11:48:40] "GET /api/avatars/active HTTP/1.1" 200 -
[15/Jul/2026 11:48:41] "GET /static/avatars/use_for_app1.vrm HTTP/1.1" 200 -
[15/Jul/2026 11:48:41] "GET /api/avatars/active HTTP/1.1" 200 -
[15/Jul/2026 11:48:41] "GET /static/icons/tab-map.jpg HTTP/1.1" 200 -
[15/Jul/2026 11:48:41] "GET /static/icons/tab-profile.jpg HTTP/1.1" 200 -
[15/Jul/2026 11:48:41] "GET /static/spots/lingshan-dafo.jpg HTTP/1.1" 200 -
[15/Jul/2026 11:48:41] "GET /static/spots/fangong-square.jpg HTTP/1.1" 200 -
[15/Jul/2026 11:48:41] "GET /static/spots/wuyin-tancheng.jpg HTTP/1.1" 200 -
[15/Jul/2026 11:48:41] "GET /static/spots/lingshan-fangong.jpg HTTP/1.1" 200 -
[15/Jul/2026 11:48:41] "GET /static/spots/lingshan-jingshe.jpg HTTP/1.1" 200 -
[15/Jul/2026 11:48:41] "GET /static/spots/manfeilong-ta.jpg HTTP/1.1" 200 -
[15/Jul/2026 11:48:41] "GET /static/spots/baizi-mile.jpg HTTP/1.1" 200 -
[15/Jul/2026 11:48:41] "GET /static/spots/xiangfu-temple.jpg HTTP/1.1" 200 -
[15/Jul/2026 11:48:41] "GET /static/spots/jiulong-guanyu.jpg HTTP/1.1" 200 -
[15/Jul/2026 11:48:41] "GET /static/spots/fozu-tan.jpg HTTP/1.1" 200 -
[15/Jul/2026 11:48:43] "GET /static/icons/home.png HTTP/1.1" 200 -
[15/Jul/2026 11:48:44] "GET /static/prompt.mp3 HTTP/1.1" 200 -
[15/Jul/2026 11:48:44] "GET /static/icons/home.png HTTP/1.1" 200 -
[15/Jul/2026 11:49:29] "GET /assets/chat-BqqOJj5S.css HTTP/1.1" 200 -
[15/Jul/2026 11:49:29] "GET /assets/pages-visitor-chat.Ce7VpdO7.js HTTP/1.1" 200 -
[15/Jul/2026 11:49:29] "GET /assets/mock.DhoP2IIB.js HTTP/1.1" 200 -
[15/Jul/2026 11:49:29] "GET /assets/qa-bank.BK5-8Ix7.js HTTP/1.1" 200 -
[15/Jul/2026 11:49:29] "GET /static/icons/home.png HTTP/1.1" 200 -
[15/Jul/2026 11:49:29] "GET /api/avatars/active HTTP/1.1" 200 -
[15/Jul/2026 11:49:29] "GET /static/avatars/use_for_app1.vrm HTTP/1.1" 200 -
[15/Jul/2026 11:49:29] "GET /api/avatars/active HTTP/1.1" 200 -
Chat: 转发到 智谱GLM-4-Flash...
[15/Jul/2026 11:49:42] "POST /api/chat HTTP/1.1" 200 -
Chat (智谱GLM-4-Flash): OK 4542 bytes
TTS: 票是210元，学生半价，70岁以上老人和1.4米以下的小朋友...
[15/Jul/2026 11:49:44] "POST /api/tts HTTP/1.1" 200 -
  -> 38880 bytes OK
[15/Jul/2026 11:49:44] "GET /static/avatars/default.png HTTP/1.1" 200 -
[15/Jul/2026 11:49:46] "GET /static/avatars/default.png HTTP/1.1" 200 -
[15/Jul/2026 11:49:46] "POST /api/chat/log HTTP/1.1" 200 -
[15/Jul/2026 11:50:00] "GET /api/avatars/active HTTP/1.1" 200 -
[15/Jul/2026 11:50:00] "GET /api/avatars/active HTTP/1.1" 200 -
[15/Jul/2026 11:50:00] "GET /api/avatars/active HTTP/1.1" 200 -
[15/Jul/2026 11:50:05] "GET /assets/ar-EwueTnMx.css HTTP/1.1" 200 -
[15/Jul/2026 11:50:05] "GET /assets/spots.BhECVK1o.js HTTP/1.1" 200 -
[15/Jul/2026 11:50:05] "GET /assets/pages-visitor-ar.7TiHkvqP.js HTTP/1.1" 200 -
[15/Jul/2026 11:50:05] "GET /static/icons/home.png HTTP/1.1" 200 -
[15/Jul/2026 11:50:05] "GET /api/ai/models HTTP/1.1" 200 -
[15/Jul/2026 11:50:05] "GET /api/ai/config HTTP/1.1" 200 -
[15/Jul/2026 11:50:10] "GET /static/spots/buddha-1.jpg HTTP/1.1" 200 -
[15/Jul/2026 11:50:10] "GET /static/spots/buddha-2.jpg HTTP/1.1" 200 -
[15/Jul/2026 11:50:10] "GET /static/spots/buddha-3.jpg HTTP/1.1" 200 -
[15/Jul/2026 11:50:10] "GET /static/spots/palm-1.jpg HTTP/1.1" 200 -
[15/Jul/2026 11:50:10] "GET /static/spots/palm-3.jpg HTTP/1.1" 200 -
[15/Jul/2026 11:50:10] "GET /static/spots/palm-2.jpg HTTP/1.1" 200 -
[15/Jul/2026 11:50:10] "GET /static/spots/ayuwang-1.jpg HTTP/1.1" 200 -
[15/Jul/2026 11:50:10] "GET /static/spots/ayuwang-3.jpg HTTP/1.1" 200 -
[15/Jul/2026 11:50:10] "GET /static/spots/ayuwang-2.jpg HTTP/1.1" 200 -
[15/Jul/2026 11:50:10] "GET /static/spots/xiangfu-1.jpg HTTP/1.1" 200 -
[15/Jul/2026 11:50:10] "GET /static/spots/wujinyi-1.jpg HTTP/1.1" 200 -
[15/Jul/2026 11:50:10] "GET /static/spots/xiangfu-2.jpg HTTP/1.1" 200 -
[15/Jul/2026 11:50:10] "GET /static/spots/xiangfu-3.jpg HTTP/1.1" 200 -
[15/Jul/2026 11:50:11] "GET /static/spots/fangsheng-2.jpg HTTP/1.1" 200 -
[15/Jul/2026 11:50:11] "GET /static/spots/fangsheng-1.jpg HTTP/1.1" 200 -
[15/Jul/2026 11:50:11] "GET /static/spots/fangsheng-3.jpg HTTP/1.1" 200 -
[15/Jul/2026 11:50:11] "GET /static/spots/jiulong-1.jpg HTTP/1.1" 200 -
[15/Jul/2026 11:50:11] "GET /static/spots/jiulong-2.jpg HTTP/1.1" 200 -
[15/Jul/2026 11:50:11] "GET /static/spots/jiulong-3.jpg HTTP/1.1" 200 -
[15/Jul/2026 11:50:11] "GET /static/spots/baizi-3.jpg HTTP/1.1" 200 -
[15/Jul/2026 11:50:11] "GET /static/spots/baizi-2.jpg HTTP/1.1" 200 -
[15/Jul/2026 11:50:11] "GET /static/spots/baizi-1.jpg HTTP/1.1" 200 -
[15/Jul/2026 11:50:11] "GET /static/spots/wuyin-1.jpg HTTP/1.1" 200 -
[15/Jul/2026 11:50:11] "GET /static/spots/wuyin-3.jpg HTTP/1.1" 200 -
[15/Jul/2026 11:50:11] "GET /static/spots/wuyin-2.jpg HTTP/1.1" 200 -
[15/Jul/2026 11:50:11] "GET /static/spots/fangong-3.jpg HTTP/1.1" 200 -
[15/Jul/2026 11:50:11] "GET /static/spots/fangong-2.jpg HTTP/1.1" 200 -
[15/Jul/2026 11:50:11] "GET /static/spots/fangong-1.jpg HTTP/1.1" 200 -
[15/Jul/2026 11:50:11] "GET /static/spots/qifu-1.jpg HTTP/1.1" 200 -
[15/Jul/2026 11:50:11] "GET /static/spots/manfeilong-1.jpg HTTP/1.1" 200 -
[15/Jul/2026 11:50:11] "GET /static/spots/manfeilong-2.jpg HTTP/1.1" 200 -
[15/Jul/2026 11:50:12] "GET /static/spots/manfeilong-3.jpg HTTP/1.1" 200 -
[15/Jul/2026 11:50:12] "GET /static/spots/talong-1.jpg HTTP/1.1" 200 -
[15/Jul/2026 11:50:12] "GET /static/spots/talong-2.jpg HTTP/1.1" 200 -
[15/Jul/2026 11:50:12] "GET /static/spots/talong-3.jpg HTTP/1.1" 200 -
[15/Jul/2026 11:50:17] "GET /api/avatars/active HTTP/1.1" 200 -
[15/Jul/2026 11:50:17] "GET /static/icons/home.png HTTP/1.1" 200 -
[15/Jul/2026 11:50:20] "GET /assets/pages-visitor-location.D1RhuNkN.js HTTP/1.1" 200 -
[15/Jul/2026 11:50:20] "GET /assets/location-BA-bgflS.css HTTP/1.1" 200 -
[15/Jul/2026 11:50:20] "GET /assets/lingshan-map.B6xJ23jo.js HTTP/1.1" 200 -
[15/Jul/2026 11:50:20] "GET /static/icons/home.png HTTP/1.1" 200 -
[15/Jul/2026 11:50:20] "GET /static/lingshan-map.jpg HTTP/1.1" 200 -
[15/Jul/2026 11:50:27] "GET /assets/pages-visitor-profile.Gbq3PiLr.js HTTP/1.1" 200 -
[15/Jul/2026 11:50:27] "GET /assets/profile-CAWCl77l.css HTTP/1.1" 200 -
[15/Jul/2026 11:50:27] "GET /static/icons/home.png HTTP/1.1" 200 -
[15/Jul/2026 11:50:31] "GET /static/icons/home.png HTTP/1.1" 200 -
[15/Jul/2026 11:50:33] "GET /api/avatars/active HTTP/1.1" 200 -
[15/Jul/2026 11:50:33] "GET /static/icons/home.png HTTP/1.1" 200 -
[15/Jul/2026 11:50:34] "GET /assets/pages-visitor-spots.Crbu2OnM.js HTTP/1.1" 200 -
[15/Jul/2026 11:50:34] "GET /assets/spots-CfqXoimH.css HTTP/1.1" 200 -
[15/Jul/2026 11:50:34] "GET /static/icons/home.png HTTP/1.1" 200 -
[15/Jul/2026 11:50:35] "GET /static/spots/palm-1.jpg HTTP/1.1" 200 -
[15/Jul/2026 11:50:35] "GET /static/spots/ayuwang-1.jpg HTTP/1.1" 200 -
[15/Jul/2026 11:50:35] "GET /static/spots/buddha-1.jpg HTTP/1.1" 200 -
[15/Jul/2026 11:50:35] "GET /static/spots/xiangfu-1.jpg HTTP/1.1" 200 -
[15/Jul/2026 11:50:35] "GET /static/spots/wujinyi-1.jpg HTTP/1.1" 200 -
[15/Jul/2026 11:50:35] "GET /static/spots/fangsheng-1.jpg HTTP/1.1" 200 -
[15/Jul/2026 11:50:35] "GET /static/spots/baizi-1.jpg HTTP/1.1" 200 -
[15/Jul/2026 11:50:35] "GET /static/spots/jiulong-1.jpg HTTP/1.1" 200 -
[15/Jul/2026 11:50:35] "GET /static/spots/wuyin-1.jpg HTTP/1.1" 200 -
[15/Jul/2026 11:50:35] "GET /static/spots/qifu-1.jpg HTTP/1.1" 200 -
[15/Jul/2026 11:50:35] "GET /static/spots/manfeilong-1.jpg HTTP/1.1" 200 -
[15/Jul/2026 11:50:35] "GET /static/spots/fangong-1.jpg HTTP/1.1" 200 -
[15/Jul/2026 11:50:35] "GET /static/spots/talong-1.jpg HTTP/1.1" 200 -
[15/Jul/2026 11:50:40] "GET /api/avatars/active HTTP/1.1" 200 -
[15/Jul/2026 11:50:40] "GET /static/icons/home.png HTTP/1.1" 200 -
[15/Jul/2026 11:50:43] "GET /static/prompt.mp3 HTTP/1.1" 200 -
[15/Jul/2026 11:50:44] "GET /assets/login-BT0j5L0k.css HTTP/1.1" 200 -
[15/Jul/2026 11:50:44] "GET /assets/pages-admin-login.C1IIFdFQ.js HTTP/1.1" 200 -
[15/Jul/2026 11:50:44] "GET /static/icons/home.png HTTP/1.1" 200 -
[15/Jul/2026 11:50:55] "GET /assets/pages-admin-index.DevmNgaD.js HTTP/1.1" 200 -
[15/Jul/2026 11:50:56] "GET /assets/index-DVrexyoQ.css HTTP/1.1" 200 -
[15/Jul/2026 11:50:56] "GET /static/icons/home.png HTTP/1.1" 200 -
[15/Jul/2026 11:51:03] "GET /assets/ai-models-BVgLcV5U.css HTTP/1.1" 200 -
[15/Jul/2026 11:51:03] "GET /assets/pages-admin-ai-models.BKRf8so5.js HTTP/1.1" 200 -
[15/Jul/2026 11:51:03] "GET /assets/ai.DYMdUxlB.js HTTP/1.1" 200 -
[15/Jul/2026 11:51:03] "GET /static/icons/home.png HTTP/1.1" 200 -
管理员登录: admin
[15/Jul/2026 11:51:16] "POST /api/admin/ai/login HTTP/1.1" 200 -
[15/Jul/2026 11:51:16] "GET /api/admin/ai/config HTTP/1.1" 200 -
[15/Jul/2026 11:51:16] "GET /api/admin/ai/models HTTP/1.1" 200 -
[15/Jul/2026 11:51:31] "GET /static/icons/home.png HTTP/1.1" 200 -
[15/Jul/2026 11:51:34] "GET /assets/node-editor-noM_04LC.css HTTP/1.1" 200 -
[15/Jul/2026 11:51:34] "GET /assets/pages-admin-node-editor.D4RB46JH.js HTTP/1.1" 200 -
[15/Jul/2026 11:51:34] "GET /static/icons/home.png HTTP/1.1" 200 -
[15/Jul/2026 11:51:34] "GET /assets/roadNetwork.B7DYb82X.js HTTP/1.1" 200 -
[15/Jul/2026 11:52:09] "GET /static/icons/home.png HTTP/1.1" 200 -
[15/Jul/2026 11:52:11] "GET /static/icons/home.png HTTP/1.1" 200 -
[15/Jul/2026 11:52:16] "GET /static/icons/home.png HTTP/1.1" 200 -
[15/Jul/2026 11:52:37] "GET /api/avatars/active HTTP/1.1" 200 -
[15/Jul/2026 11:52:38] "GET /api/avatars/active HTTP/1.1" 200 -
[15/Jul/2026 12:15:29] "GET /api/avatars/active HTTP/1.1" 200 -
[15/Jul/2026 12:15:29] "GET /api/avatars/active HTTP/1.1" 200 -
[15/Jul/2026 12:15:36] "GET /static/icons/home.png HTTP/1.1" 200 -
[15/Jul/2026 12:15:39] "GET /api/avatars/active HTTP/1.1" 200 -
[15/Jul/2026 12:15:39] "GET /static/icons/home.png HTTP/1.1" 200 -
[15/Jul/2026 12:15:42] "GET /static/prompt.mp3 HTTP/1.1" 200 -
[15/Jul/2026 12:16:05] "GET /static/pages/ticket.html HTTP/1.1" 200 -
[15/Jul/2026 12:16:07] code 404, message File not found
[15/Jul/2026 12:16:07] "GET /favicon.ico HTTP/1.1" 404 -
[15/Jul/2026 12:16:10] "GET / HTTP/1.1" 200 -
[15/Jul/2026 12:16:10] "GET /assets/uni.40cb137a.css HTTP/1.1" 200 -
[15/Jul/2026 12:16:10] "GET /assets/index-nMaNip6B.css HTTP/1.1" 200 -
[15/Jul/2026 12:16:10] "GET /assets/index-98YOFiQD.js HTTP/1.1" 200 -
[15/Jul/2026 12:16:11] "GET /assets/Avatar3D-CAEMSXhi.css HTTP/1.1" 200 -
[15/Jul/2026 12:16:11] "GET /assets/index-Cjcs754H.css HTTP/1.1" 200 -
[15/Jul/2026 12:16:11] "GET /assets/pages-visitor-index.B7r8vAFm.js HTTP/1.1" 200 -
[15/Jul/2026 12:16:11] "GET /assets/Avatar3D.CcK3oEtk.js HTTP/1.1" 200 -
[15/Jul/2026 12:16:11] "GET /assets/ttsEngine.BpsK2PU-.js HTTP/1.1" 200 -
[15/Jul/2026 12:16:11] "GET /assets/_plugin-vue_export-helper.BCo6x5W8.js HTTP/1.1" 200 -
[15/Jul/2026 12:16:11] "GET /assets/index.aVQp-Odv.js HTTP/1.1" 200 -
[15/Jul/2026 12:16:11] "GET /static/icons/home.png HTTP/1.1" 200 -
[15/Jul/2026 12:16:11] "GET /api/avatars/active HTTP/1.1" 200 -
[15/Jul/2026 12:16:11] "GET /static/spots/lingshan-dafo.jpg HTTP/1.1" 200 -
[15/Jul/2026 12:16:11] "GET /static/avatars/use_for_app1.vrm HTTP/1.1" 200 -
[15/Jul/2026 12:16:11] "GET /api/avatars/active HTTP/1.1" 200 -
[15/Jul/2026 12:16:12] "GET /static/spots/fangong-square.jpg HTTP/1.1" 200 -
[15/Jul/2026 12:16:12] "GET /static/spots/wuyin-tancheng.jpg HTTP/1.1" 200 -
[15/Jul/2026 12:16:12] "GET /static/spots/manfeilong-ta.jpg HTTP/1.1" 200 -
[15/Jul/2026 12:16:12] "GET /static/spots/lingshan-jingshe.jpg HTTP/1.1" 200 -
[15/Jul/2026 12:16:12] "GET /static/spots/lingshan-fangong.jpg HTTP/1.1" 200 -
[15/Jul/2026 12:16:12] "GET /static/spots/baizi-mile.jpg HTTP/1.1" 200 -
[15/Jul/2026 12:16:12] "GET /static/spots/xiangfu-temple.jpg HTTP/1.1" 200 -
[15/Jul/2026 12:16:12] "GET /static/spots/jiulong-guanyu.jpg HTTP/1.1" 200 -
[15/Jul/2026 12:16:12] "GET /static/spots/fozu-tan.jpg HTTP/1.1" 200 -
[15/Jul/2026 12:16:14] "GET /static/prompt.mp3 HTTP/1.1" 200 -
[15/Jul/2026 12:16:15] "GET /static/icons/home.png HTTP/1.1" 200 -
[15/Jul/2026 12:16:15] "GET /assets/pages-visitor-spots.Crbu2OnM.js HTTP/1.1" 200 -
[15/Jul/2026 12:16:16] "GET /assets/spots-CfqXoimH.css HTTP/1.1" 200 -
[15/Jul/2026 12:16:16] "GET /assets/spots.BhECVK1o.js HTTP/1.1" 200 -
[15/Jul/2026 12:16:16] "GET /static/icons/home.png HTTP/1.1" 200 -
[15/Jul/2026 12:16:16] "GET /static/spots/buddha-1.jpg HTTP/1.1" 200 -
[15/Jul/2026 12:16:16] "GET /static/spots/ayuwang-1.jpg HTTP/1.1" 200 -
[15/Jul/2026 12:16:16] "GET /static/spots/wujinyi-1.jpg HTTP/1.1" 200 -
[15/Jul/2026 12:16:16] "GET /static/spots/palm-1.jpg HTTP/1.1" 200 -
[15/Jul/2026 12:16:16] "GET /static/spots/xiangfu-1.jpg HTTP/1.1" 200 -
[15/Jul/2026 12:16:16] "GET /static/spots/fangsheng-1.jpg HTTP/1.1" 200 -
[15/Jul/2026 12:16:17] "GET /static/spots/wuyin-1.jpg HTTP/1.1" 200 -
[15/Jul/2026 12:16:17] "GET /static/spots/jiulong-1.jpg HTTP/1.1" 200 -
[15/Jul/2026 12:16:17] "GET /static/spots/qifu-1.jpg HTTP/1.1" 200 -
[15/Jul/2026 12:16:17] "GET /static/spots/baizi-1.jpg HTTP/1.1" 200 -
[15/Jul/2026 12:16:17] "GET /static/spots/fangong-1.jpg HTTP/1.1" 200 -
[15/Jul/2026 12:16:18] "GET /static/spots/manfeilong-1.jpg HTTP/1.1" 200 -
[15/Jul/2026 12:16:18] "GET /static/spots/talong-1.jpg HTTP/1.1" 200 -
[15/Jul/2026 12:16:19] "GET /assets/pages-visitor-chat.Ce7VpdO7.js HTTP/1.1" 200 -
[15/Jul/2026 12:16:19] "GET /assets/chat-BqqOJj5S.css HTTP/1.1" 200 -
[15/Jul/2026 12:16:19] "GET /assets/mock.DhoP2IIB.js HTTP/1.1" 200 -
[15/Jul/2026 12:16:19] "GET /assets/qa-bank.BK5-8Ix7.js HTTP/1.1" 200 -
[15/Jul/2026 12:16:19] "GET /static/icons/home.png HTTP/1.1" 200 -
[15/Jul/2026 12:16:19] "GET /api/avatars/active HTTP/1.1" 200 -
[15/Jul/2026 12:16:19] "GET /static/avatars/use_for_app1.vrm HTTP/1.1" 200 -
[15/Jul/2026 12:16:20] "GET /api/avatars/active HTTP/1.1" 200 -
[15/Jul/2026 12:16:23] "GET /assets/pages-visitor-location.D1RhuNkN.js HTTP/1.1" 200 -
[15/Jul/2026 12:16:24] "GET /assets/lingshan-map.B6xJ23jo.js HTTP/1.1" 200 -
[15/Jul/2026 12:16:24] "GET /assets/location-BA-bgflS.css HTTP/1.1" 200 -
[15/Jul/2026 12:16:24] "GET /static/icons/home.png HTTP/1.1" 200 -
[15/Jul/2026 12:16:24] "GET /static/lingshan-map.jpg HTTP/1.1" 200 -
[15/Jul/2026 12:16:27] "GET /assets/pages-visitor-profile.Gbq3PiLr.js HTTP/1.1" 200 -
[15/Jul/2026 12:16:28] "GET /assets/profile-CAWCl77l.css HTTP/1.1" 200 -
[15/Jul/2026 12:16:28] "GET /static/icons/home.png HTTP/1.1" 200 -
[15/Jul/2026 12:16:31] "GET /api/avatars/active HTTP/1.1" 200 -
[15/Jul/2026 12:16:31] "GET /static/icons/home.png HTTP/1.1" 200 -
[15/Jul/2026 12:16:34] "GET /static/prompt.mp3 HTTP/1.1" 200 -
[15/Jul/2026 12:16:48] "GET /api/avatars/active HTTP/1.1" 200 -
[15/Jul/2026 12:16:48] "GET /static/icons/home.png HTTP/1.1" 200 -
[15/Jul/2026 12:17:00] "GET / HTTP/1.1" 200 -
[15/Jul/2026 12:17:00] "GET /assets/uni.40cb137a.css HTTP/1.1" 200 -
[15/Jul/2026 12:17:00] "GET /assets/index-nMaNip6B.css HTTP/1.1" 200 -
[15/Jul/2026 12:17:00] "GET /assets/index-98YOFiQD.js HTTP/1.1" 200 -
[15/Jul/2026 12:17:00] "GET /assets/Avatar3D-CAEMSXhi.css HTTP/1.1" 200 -
[15/Jul/2026 12:17:00] "GET /assets/chat-BqqOJj5S.css HTTP/1.1" 200 -
[15/Jul/2026 12:17:00] "GET /assets/pages-visitor-chat.Ce7VpdO7.js HTTP/1.1" 200 -
[15/Jul/2026 12:17:00] "GET /assets/mock.DhoP2IIB.js HTTP/1.1" 200 -
[15/Jul/2026 12:17:00] "GET /assets/ttsEngine.BpsK2PU-.js HTTP/1.1" 200 -
[15/Jul/2026 12:17:00] "GET /assets/Avatar3D.CcK3oEtk.js HTTP/1.1" 200 -
[15/Jul/2026 12:17:00] "GET /assets/_plugin-vue_export-helper.BCo6x5W8.js HTTP/1.1" 200 -
[15/Jul/2026 12:17:01] "GET /assets/qa-bank.BK5-8Ix7.js HTTP/1.1" 200 -
[15/Jul/2026 12:17:01] "GET /assets/index.aVQp-Odv.js HTTP/1.1" 200 -
[15/Jul/2026 12:17:01] "GET /static/icons/tab-home.jpg HTTP/1.1" 200 -
[15/Jul/2026 12:17:01] "GET /static/icons/tab-spots.jpg HTTP/1.1" 200 -
[15/Jul/2026 12:17:01] "GET /static/icons/tab-chat.jpg HTTP/1.1" 200 -
[15/Jul/2026 12:17:01] "GET /api/avatars/active HTTP/1.1" 200 -
[15/Jul/2026 12:17:01] "GET /static/avatars/use_for_app1.vrm HTTP/1.1" 200 -
[15/Jul/2026 12:17:01] "GET /api/avatars/active HTTP/1.1" 200 -
[15/Jul/2026 12:17:01] "GET /static/icons/tab-map.jpg HTTP/1.1" 200 -
[15/Jul/2026 12:17:01] "GET /static/icons/tab-profile.jpg HTTP/1.1" 200 -
[15/Jul/2026 12:17:02] "GET /static/icons/home.png HTTP/1.1" 200 -
[15/Jul/2026 12:17:07] "GET /api/avatars/active HTTP/1.1" 200 -
[15/Jul/2026 12:17:08] "GET /api/avatars/active HTTP/1.1" 200 -
[15/Jul/2026 12:18:32] "GET /api/avatars/active HTTP/1.1" 200 -
[15/Jul/2026 12:18:32] "GET /api/avatars/active HTTP/1.1" 200 -
[15/Jul/2026 12:42:38] "GET / HTTP/1.1" 200 -
